Archive member included to satisfy reference by file (symbol)

c:/program files (x86)/atollic/truestudio for stm32 9.3.0/armtools/bin/../lib/gcc/arm-atollic-eabi/6.3.1/../../../../arm-atollic-eabi/lib/armv7e-m/fpu\libc_nano.a(lib_a-errno.o)
                              Src\syscalls.o (__errno)
c:/program files (x86)/atollic/truestudio for stm32 9.3.0/armtools/bin/../lib/gcc/arm-atollic-eabi/6.3.1/../../../../arm-atollic-eabi/lib/armv7e-m/fpu\libc_nano.a(lib_a-impure.o)
                              c:/program files (x86)/atollic/truestudio for stm32 9.3.0/armtools/bin/../lib/gcc/arm-atollic-eabi/6.3.1/../../../../arm-atollic-eabi/lib/armv7e-m/fpu\libc_nano.a(lib_a-errno.o) (_impure_ptr)
c:/program files (x86)/atollic/truestudio for stm32 9.3.0/armtools/bin/../lib/gcc/arm-atollic-eabi/6.3.1/../../../../arm-atollic-eabi/lib/armv7e-m/fpu\libc_nano.a(lib_a-init.o)
                              startup\startup_stm32f407xx.o (__libc_init_array)
c:/program files (x86)/atollic/truestudio for stm32 9.3.0/armtools/bin/../lib/gcc/arm-atollic-eabi/6.3.1/armv7e-m/fpu\libgcc.a(_arm_addsubdf3.o)
                              Src\Function.o (__aeabi_i2d)
c:/program files (x86)/atollic/truestudio for stm32 9.3.0/armtools/bin/../lib/gcc/arm-atollic-eabi/6.3.1/armv7e-m/fpu\libgcc.a(_arm_muldivdf3.o)
                              Src\Function.o (__aeabi_dmul)
c:/program files (x86)/atollic/truestudio for stm32 9.3.0/armtools/bin/../lib/gcc/arm-atollic-eabi/6.3.1/armv7e-m/fpu\libgcc.a(_arm_truncdfsf2.o)
                              Src\Function.o (__aeabi_d2f)

Discarded input sections

 .text          0x00000000        0x0 c:/program files (x86)/atollic/truestudio for stm32 9.3.0/armtools/bin/../lib/gcc/arm-atollic-eabi/6.3.1/armv7e-m/fpu/crti.o
 .data          0x00000000        0x0 c:/program files (x86)/atollic/truestudio for stm32 9.3.0/armtools/bin/../lib/gcc/arm-atollic-eabi/6.3.1/armv7e-m/fpu/crti.o
 .bss           0x00000000        0x0 c:/program files (x86)/atollic/truestudio for stm32 9.3.0/armtools/bin/../lib/gcc/arm-atollic-eabi/6.3.1/armv7e-m/fpu/crti.o
 .data          0x00000000        0x4 c:/program files (x86)/atollic/truestudio for stm32 9.3.0/armtools/bin/../lib/gcc/arm-atollic-eabi/6.3.1/armv7e-m/fpu/crtbegin.o
 .text          0x00000000        0x0 Drivers\STM32F4xx_HAL_Driver\Src\stm32f4xx_ll_exti.o
 .data          0x00000000        0x0 Drivers\STM32F4xx_HAL_Driver\Src\stm32f4xx_ll_exti.o
 .bss           0x00000000        0x0 Drivers\STM32F4xx_HAL_Driver\Src\stm32f4xx_ll_exti.o
 .text.LL_EXTI_EnableIT_0_31
                0x00000000       0x24 Drivers\STM32F4xx_HAL_Driver\Src\stm32f4xx_ll_exti.o
 .text.LL_EXTI_DisableIT_0_31
                0x00000000       0x28 Drivers\STM32F4xx_HAL_Driver\Src\stm32f4xx_ll_exti.o
 .text.LL_EXTI_EnableEvent_0_31
                0x00000000       0x24 Drivers\STM32F4xx_HAL_Driver\Src\stm32f4xx_ll_exti.o
 .text.LL_EXTI_DisableEvent_0_31
                0x00000000       0x28 Drivers\STM32F4xx_HAL_Driver\Src\stm32f4xx_ll_exti.o
 .text.LL_EXTI_EnableRisingTrig_0_31
                0x00000000       0x24 Drivers\STM32F4xx_HAL_Driver\Src\stm32f4xx_ll_exti.o
 .text.LL_EXTI_DisableRisingTrig_0_31
                0x00000000       0x28 Drivers\STM32F4xx_HAL_Driver\Src\stm32f4xx_ll_exti.o
 .text.LL_EXTI_EnableFallingTrig_0_31
                0x00000000       0x24 Drivers\STM32F4xx_HAL_Driver\Src\stm32f4xx_ll_exti.o
 .text.LL_EXTI_DisableFallingTrig_0_31
                0x00000000       0x28 Drivers\STM32F4xx_HAL_Driver\Src\stm32f4xx_ll_exti.o
 .text.LL_EXTI_DeInit
                0x00000000       0x3c Drivers\STM32F4xx_HAL_Driver\Src\stm32f4xx_ll_exti.o
 .text.LL_EXTI_Init
                0x00000000       0xf4 Drivers\STM32F4xx_HAL_Driver\Src\stm32f4xx_ll_exti.o
 .text.LL_EXTI_StructInit
                0x00000000       0x2c Drivers\STM32F4xx_HAL_Driver\Src\stm32f4xx_ll_exti.o
 .debug_info    0x00000000      0x3ab Drivers\STM32F4xx_HAL_Driver\Src\stm32f4xx_ll_exti.o
 .debug_abbrev  0x00000000      0x199 Drivers\STM32F4xx_HAL_Driver\Src\stm32f4xx_ll_exti.o
 .debug_aranges
                0x00000000       0x70 Drivers\STM32F4xx_HAL_Driver\Src\stm32f4xx_ll_exti.o
 .debug_ranges  0x00000000       0x60 Drivers\STM32F4xx_HAL_Driver\Src\stm32f4xx_ll_exti.o
 .debug_line    0x00000000      0x2f7 Drivers\STM32F4xx_HAL_Driver\Src\stm32f4xx_ll_exti.o
 .debug_str     0x00000000      0x429 Drivers\STM32F4xx_HAL_Driver\Src\stm32f4xx_ll_exti.o
 .comment       0x00000000       0x7d Drivers\STM32F4xx_HAL_Driver\Src\stm32f4xx_ll_exti.o
 .debug_frame   0x00000000      0x1bc Drivers\STM32F4xx_HAL_Driver\Src\stm32f4xx_ll_exti.o
 .ARM.attributes
                0x00000000       0x39 Drivers\STM32F4xx_HAL_Driver\Src\stm32f4xx_ll_exti.o
 .text          0x00000000        0x0 Drivers\STM32F4xx_HAL_Driver\Src\stm32f4xx_ll_gpio.o
 .data          0x00000000        0x0 Drivers\STM32F4xx_HAL_Driver\Src\stm32f4xx_ll_gpio.o
 .bss           0x00000000        0x0 Drivers\STM32F4xx_HAL_Driver\Src\stm32f4xx_ll_gpio.o
 .text.LL_GPIO_SetPinMode
                0x00000000       0x5e Drivers\STM32F4xx_HAL_Driver\Src\stm32f4xx_ll_gpio.o
 .text.LL_GPIO_SetPinOutputType
                0x00000000       0x5a Drivers\STM32F4xx_HAL_Driver\Src\stm32f4xx_ll_gpio.o
 .text.LL_GPIO_SetPinSpeed
                0x00000000       0x5e Drivers\STM32F4xx_HAL_Driver\Src\stm32f4xx_ll_gpio.o
 .text.LL_GPIO_SetPinPull
                0x00000000       0x5e Drivers\STM32F4xx_HAL_Driver\Src\stm32f4xx_ll_gpio.o
 .text.LL_GPIO_SetAFPin_0_7
                0x00000000       0x5e Drivers\STM32F4xx_HAL_Driver\Src\stm32f4xx_ll_gpio.o
 .text.LL_GPIO_SetAFPin_8_15
                0x00000000       0x62 Drivers\STM32F4xx_HAL_Driver\Src\stm32f4xx_ll_gpio.o
 .text.LL_AHB1_GRP1_ForceReset
                0x00000000       0x24 Drivers\STM32F4xx_HAL_Driver\Src\stm32f4xx_ll_gpio.o
 .text.LL_AHB1_GRP1_ReleaseReset
                0x00000000       0x28 Drivers\STM32F4xx_HAL_Driver\Src\stm32f4xx_ll_gpio.o
 .text.LL_GPIO_DeInit
                0x00000000      0x108 Drivers\STM32F4xx_HAL_Driver\Src\stm32f4xx_ll_gpio.o
 .text.LL_GPIO_Init
                0x00000000       0xe6 Drivers\STM32F4xx_HAL_Driver\Src\stm32f4xx_ll_gpio.o
 .text.LL_GPIO_StructInit
                0x00000000       0x3a Drivers\STM32F4xx_HAL_Driver\Src\stm32f4xx_ll_gpio.o
 .debug_info    0x00000000      0x91e Drivers\STM32F4xx_HAL_Driver\Src\stm32f4xx_ll_gpio.o
 .debug_abbrev  0x00000000      0x20d Drivers\STM32F4xx_HAL_Driver\Src\stm32f4xx_ll_gpio.o
 .debug_aranges
                0x00000000       0x70 Drivers\STM32F4xx_HAL_Driver\Src\stm32f4xx_ll_gpio.o
 .debug_ranges  0x00000000       0x60 Drivers\STM32F4xx_HAL_Driver\Src\stm32f4xx_ll_gpio.o
 .debug_line    0x00000000      0x40a Drivers\STM32F4xx_HAL_Driver\Src\stm32f4xx_ll_gpio.o
 .debug_str     0x00000000      0x51c Drivers\STM32F4xx_HAL_Driver\Src\stm32f4xx_ll_gpio.o
 .comment       0x00000000       0x7d Drivers\STM32F4xx_HAL_Driver\Src\stm32f4xx_ll_gpio.o
 .debug_frame   0x00000000      0x1c0 Drivers\STM32F4xx_HAL_Driver\Src\stm32f4xx_ll_gpio.o
 .ARM.attributes
                0x00000000       0x39 Drivers\STM32F4xx_HAL_Driver\Src\stm32f4xx_ll_gpio.o
 .text          0x00000000        0x0 Drivers\STM32F4xx_HAL_Driver\Src\stm32f4xx_ll_rcc.o
 .data          0x00000000        0x0 Drivers\STM32F4xx_HAL_Driver\Src\stm32f4xx_ll_rcc.o
 .bss           0x00000000        0x0 Drivers\STM32F4xx_HAL_Driver\Src\stm32f4xx_ll_rcc.o
 .text.LL_RCC_HSI_Enable
                0x00000000       0x20 Drivers\STM32F4xx_HAL_Driver\Src\stm32f4xx_ll_rcc.o
 .text.LL_RCC_HSI_IsReady
                0x00000000       0x24 Drivers\STM32F4xx_HAL_Driver\Src\stm32f4xx_ll_rcc.o
 .text.LL_RCC_HSI_SetCalibTrimming
                0x00000000       0x2c Drivers\STM32F4xx_HAL_Driver\Src\stm32f4xx_ll_rcc.o
 .text.LL_RCC_GetSysClkSource
                0x00000000       0x1c Drivers\STM32F4xx_HAL_Driver\Src\stm32f4xx_ll_rcc.o
 .text.LL_RCC_GetAHBPrescaler
                0x00000000       0x1c Drivers\STM32F4xx_HAL_Driver\Src\stm32f4xx_ll_rcc.o
 .text.LL_RCC_GetAPB1Prescaler
                0x00000000       0x1c Drivers\STM32F4xx_HAL_Driver\Src\stm32f4xx_ll_rcc.o
 .text.LL_RCC_GetAPB2Prescaler
                0x00000000       0x1c Drivers\STM32F4xx_HAL_Driver\Src\stm32f4xx_ll_rcc.o
 .text.LL_RCC_GetI2SClockSource
                0x00000000       0x20 Drivers\STM32F4xx_HAL_Driver\Src\stm32f4xx_ll_rcc.o
 .text.LL_RCC_PLL_IsReady
                0x00000000       0x28 Drivers\STM32F4xx_HAL_Driver\Src\stm32f4xx_ll_rcc.o
 .text.LL_RCC_PLL_GetMainSource
                0x00000000       0x1c Drivers\STM32F4xx_HAL_Driver\Src\stm32f4xx_ll_rcc.o
 .text.LL_RCC_PLL_GetN
                0x00000000       0x1c Drivers\STM32F4xx_HAL_Driver\Src\stm32f4xx_ll_rcc.o
 .text.LL_RCC_PLL_GetP
                0x00000000       0x1c Drivers\STM32F4xx_HAL_Driver\Src\stm32f4xx_ll_rcc.o
 .text.LL_RCC_PLL_GetQ
                0x00000000       0x1c Drivers\STM32F4xx_HAL_Driver\Src\stm32f4xx_ll_rcc.o
 .text.LL_RCC_PLL_GetDivider
                0x00000000       0x1c Drivers\STM32F4xx_HAL_Driver\Src\stm32f4xx_ll_rcc.o
 .text.LL_RCC_PLLI2S_IsReady
                0x00000000       0x28 Drivers\STM32F4xx_HAL_Driver\Src\stm32f4xx_ll_rcc.o
 .text.LL_RCC_PLLI2S_GetN
                0x00000000       0x20 Drivers\STM32F4xx_HAL_Driver\Src\stm32f4xx_ll_rcc.o
 .text.LL_RCC_PLLI2S_GetR
                0x00000000       0x1c Drivers\STM32F4xx_HAL_Driver\Src\stm32f4xx_ll_rcc.o
 .text.LL_RCC_PLLI2S_GetDivider
                0x00000000       0x1c Drivers\STM32F4xx_HAL_Driver\Src\stm32f4xx_ll_rcc.o
 .text.LL_RCC_PLLI2S_GetMainSource
                0x00000000       0x1c Drivers\STM32F4xx_HAL_Driver\Src\stm32f4xx_ll_rcc.o
 .text.LL_RCC_DeInit
                0x00000000       0xbc Drivers\STM32F4xx_HAL_Driver\Src\stm32f4xx_ll_rcc.o
 .text.LL_RCC_GetSystemClocksFreq
                0x00000000       0x4a Drivers\STM32F4xx_HAL_Driver\Src\stm32f4xx_ll_rcc.o
 .text.LL_RCC_GetI2SClockFreq
                0x00000000       0x48 Drivers\STM32F4xx_HAL_Driver\Src\stm32f4xx_ll_rcc.o
 .text.LL_RCC_GetSDIOClockFreq
                0x00000000       0x2e Drivers\STM32F4xx_HAL_Driver\Src\stm32f4xx_ll_rcc.o
 .text.LL_RCC_GetRNGClockFreq
                0x00000000       0x26 Drivers\STM32F4xx_HAL_Driver\Src\stm32f4xx_ll_rcc.o
 .text.LL_RCC_GetUSBClockFreq
                0x00000000       0x26 Drivers\STM32F4xx_HAL_Driver\Src\stm32f4xx_ll_rcc.o
 .text.RCC_GetSystemClockFreq
                0x00000000       0x4c Drivers\STM32F4xx_HAL_Driver\Src\stm32f4xx_ll_rcc.o
 .text.RCC_GetHCLKClockFreq
                0x00000000       0x2c Drivers\STM32F4xx_HAL_Driver\Src\stm32f4xx_ll_rcc.o
 .text.RCC_GetPCLK1ClockFreq
                0x00000000       0x28 Drivers\STM32F4xx_HAL_Driver\Src\stm32f4xx_ll_rcc.o
 .text.RCC_GetPCLK2ClockFreq
                0x00000000       0x28 Drivers\STM32F4xx_HAL_Driver\Src\stm32f4xx_ll_rcc.o
 .text.RCC_PLL_GetFreqDomain_SYS
                0x00000000       0x7c Drivers\STM32F4xx_HAL_Driver\Src\stm32f4xx_ll_rcc.o
 .text.RCC_PLL_GetFreqDomain_48M
                0x00000000       0x68 Drivers\STM32F4xx_HAL_Driver\Src\stm32f4xx_ll_rcc.o
 .text.RCC_PLLI2S_GetFreqDomain_I2S
                0x00000000       0x64 Drivers\STM32F4xx_HAL_Driver\Src\stm32f4xx_ll_rcc.o
 .debug_info    0x00000000      0x7a8 Drivers\STM32F4xx_HAL_Driver\Src\stm32f4xx_ll_rcc.o
 .debug_abbrev  0x00000000      0x1cd Drivers\STM32F4xx_HAL_Driver\Src\stm32f4xx_ll_rcc.o
 .debug_aranges
                0x00000000      0x118 Drivers\STM32F4xx_HAL_Driver\Src\stm32f4xx_ll_rcc.o
 .debug_ranges  0x00000000      0x108 Drivers\STM32F4xx_HAL_Driver\Src\stm32f4xx_ll_rcc.o
 .debug_line    0x00000000      0x4cf Drivers\STM32F4xx_HAL_Driver\Src\stm32f4xx_ll_rcc.o
 .debug_str     0x00000000      0x794 Drivers\STM32F4xx_HAL_Driver\Src\stm32f4xx_ll_rcc.o
 .comment       0x00000000       0x7d Drivers\STM32F4xx_HAL_Driver\Src\stm32f4xx_ll_rcc.o
 .debug_frame   0x00000000      0x460 Drivers\STM32F4xx_HAL_Driver\Src\stm32f4xx_ll_rcc.o
 .ARM.attributes
                0x00000000       0x39 Drivers\STM32F4xx_HAL_Driver\Src\stm32f4xx_ll_rcc.o
 .text          0x00000000        0x0 Drivers\STM32F4xx_HAL_Driver\Src\stm32f4xx_ll_utils.o
 .data          0x00000000        0x0 Drivers\STM32F4xx_HAL_Driver\Src\stm32f4xx_ll_utils.o
 .bss           0x00000000        0x0 Drivers\STM32F4xx_HAL_Driver\Src\stm32f4xx_ll_utils.o
 .text.LL_RCC_HSE_EnableBypass
                0x00000000       0x20 Drivers\STM32F4xx_HAL_Driver\Src\stm32f4xx_ll_utils.o
 .text.LL_RCC_HSE_DisableBypass
                0x00000000       0x20 Drivers\STM32F4xx_HAL_Driver\Src\stm32f4xx_ll_utils.o
 .text.LL_RCC_HSE_Enable
                0x00000000       0x20 Drivers\STM32F4xx_HAL_Driver\Src\stm32f4xx_ll_utils.o
 .text.LL_RCC_HSE_IsReady
                0x00000000       0x28 Drivers\STM32F4xx_HAL_Driver\Src\stm32f4xx_ll_utils.o
 .text.LL_RCC_HSI_Enable
                0x00000000       0x20 Drivers\STM32F4xx_HAL_Driver\Src\stm32f4xx_ll_utils.o
 .text.LL_RCC_HSI_IsReady
                0x00000000       0x24 Drivers\STM32F4xx_HAL_Driver\Src\stm32f4xx_ll_utils.o
 .text.LL_RCC_SetSysClkSource
                0x00000000       0x28 Drivers\STM32F4xx_HAL_Driver\Src\stm32f4xx_ll_utils.o
 .text.LL_RCC_GetSysClkSource
                0x00000000       0x1c Drivers\STM32F4xx_HAL_Driver\Src\stm32f4xx_ll_utils.o
 .text.LL_RCC_SetAHBPrescaler
                0x00000000       0x28 Drivers\STM32F4xx_HAL_Driver\Src\stm32f4xx_ll_utils.o
 .text.LL_RCC_SetAPB1Prescaler
                0x00000000       0x28 Drivers\STM32F4xx_HAL_Driver\Src\stm32f4xx_ll_utils.o
 .text.LL_RCC_SetAPB2Prescaler
                0x00000000       0x28 Drivers\STM32F4xx_HAL_Driver\Src\stm32f4xx_ll_utils.o
 .text.LL_RCC_PLL_Enable
                0x00000000       0x20 Drivers\STM32F4xx_HAL_Driver\Src\stm32f4xx_ll_utils.o
 .text.LL_RCC_PLL_IsReady
                0x00000000       0x28 Drivers\STM32F4xx_HAL_Driver\Src\stm32f4xx_ll_utils.o
 .text.LL_RCC_PLL_ConfigDomain_SYS
                0x00000000       0x4c Drivers\STM32F4xx_HAL_Driver\Src\stm32f4xx_ll_utils.o
 .text.LL_RCC_PLLI2S_IsReady
                0x00000000       0x28 Drivers\STM32F4xx_HAL_Driver\Src\stm32f4xx_ll_utils.o
 .text.LL_FLASH_SetLatency
                0x00000000       0x28 Drivers\STM32F4xx_HAL_Driver\Src\stm32f4xx_ll_utils.o
 .text.LL_FLASH_GetLatency
                0x00000000       0x1c Drivers\STM32F4xx_HAL_Driver\Src\stm32f4xx_ll_utils.o
 .text.LL_PWR_GetRegulVoltageScaling
                0x00000000       0x1c Drivers\STM32F4xx_HAL_Driver\Src\stm32f4xx_ll_utils.o
 .text.LL_PLL_ConfigSystemClock_HSI
                0x00000000       0x74 Drivers\STM32F4xx_HAL_Driver\Src\stm32f4xx_ll_utils.o
 .text.LL_PLL_ConfigSystemClock_HSE
                0x00000000       0x84 Drivers\STM32F4xx_HAL_Driver\Src\stm32f4xx_ll_utils.o
 .text.UTILS_SetFlashLatency
                0x00000000      0x110 Drivers\STM32F4xx_HAL_Driver\Src\stm32f4xx_ll_utils.o
 .text.UTILS_GetPLLOutputFrequency
                0x00000000       0x4e Drivers\STM32F4xx_HAL_Driver\Src\stm32f4xx_ll_utils.o
 .text.UTILS_PLL_IsBusy
                0x00000000       0x30 Drivers\STM32F4xx_HAL_Driver\Src\stm32f4xx_ll_utils.o
 .text.UTILS_EnablePLLAndSwitchSystem
                0x00000000       0xb4 Drivers\STM32F4xx_HAL_Driver\Src\stm32f4xx_ll_utils.o
 .text          0x00000000        0x0 Src\Function.o
 .data          0x00000000        0x0 Src\Function.o
 .bss           0x00000000        0x0 Src\Function.o
 .text.Usart2ChTx
                0x00000000       0x30 Src\Function.o
 .text.Usart2DatTx
                0x00000000       0x36 Src\Function.o
 .text          0x00000000        0x0 Src\Periph.o
 .data          0x00000000        0x0 Src\Periph.o
 .bss           0x00000000        0x0 Src\Periph.o
 .rodata.STREAM_OFFSET_TAB
                0x00000000        0x8 Src\Periph.o
 .text          0x00000000        0x0 Src\main.o
 .data          0x00000000        0x0 Src\main.o
 .bss           0x00000000        0x0 Src\main.o
 .rodata.STREAM_OFFSET_TAB
                0x00000000        0x8 Src\main.o
 .text.Error_Handler
                0x00000000        0xe Src\main.o
 .text          0x00000000        0x0 Src\stm32f4xx_it.o
 .data          0x00000000        0x0 Src\stm32f4xx_it.o
 .bss           0x00000000        0x0 Src\stm32f4xx_it.o
 .rodata.STREAM_OFFSET_TAB
                0x00000000        0x8 Src\stm32f4xx_it.o
 .text          0x00000000        0x0 Src\syscalls.o
 .data          0x00000000        0x0 Src\syscalls.o
 .bss           0x00000000        0x0 Src\syscalls.o
 .bss.__env     0x00000000        0x4 Src\syscalls.o
 .data.environ  0x00000000        0x4 Src\syscalls.o
 .text.initialise_monitor_handles
                0x00000000        0xe Src\syscalls.o
 .text._getpid  0x00000000       0x10 Src\syscalls.o
 .text._kill    0x00000000       0x20 Src\syscalls.o
 .text._exit    0x00000000       0x14 Src\syscalls.o
 .text._read    0x00000000       0x3a Src\syscalls.o
 .text._write   0x00000000       0x38 Src\syscalls.o
 .bss.heap_end.7010
                0x00000000        0x4 Src\syscalls.o
 .text._sbrk    0x00000000       0x58 Src\syscalls.o
 .text._close   0x00000000       0x18 Src\syscalls.o
 .text._fstat   0x00000000       0x20 Src\syscalls.o
 .text._isatty  0x00000000       0x16 Src\syscalls.o
 .text._lseek   0x00000000       0x1a Src\syscalls.o
 .text._open    0x00000000       0x1c Src\syscalls.o
 .text._wait    0x00000000       0x1e Src\syscalls.o
 .text._unlink  0x00000000       0x1e Src\syscalls.o
 .text._times   0x00000000       0x18 Src\syscalls.o
 .text._stat    0x00000000       0x20 Src\syscalls.o
 .text._link    0x00000000       0x20 Src\syscalls.o
 .text._fork    0x00000000       0x16 Src\syscalls.o
 .text._execve  0x00000000       0x22 Src\syscalls.o
 .debug_info    0x00000000      0xf16 Src\syscalls.o
 .debug_abbrev  0x00000000      0x271 Src\syscalls.o
 .debug_aranges
                0x00000000       0xb0 Src\syscalls.o
 .debug_ranges  0x00000000       0xa0 Src\syscalls.o
 .debug_line    0x00000000      0x3d8 Src\syscalls.o
 .debug_str     0x00000000      0x899 Src\syscalls.o
 .comment       0x00000000       0x7d Src\syscalls.o
 .debug_frame   0x00000000      0x2d4 Src\syscalls.o
 .ARM.attributes
                0x00000000       0x39 Src\syscalls.o
 .text          0x00000000        0x0 Src\system_stm32f4xx.o
 .data          0x00000000        0x0 Src\system_stm32f4xx.o
 .bss           0x00000000        0x0 Src\system_stm32f4xx.o
 .rodata.AHBPrescTable
                0x00000000       0x10 Src\system_stm32f4xx.o
 .rodata.APBPrescTable
                0x00000000        0x8 Src\system_stm32f4xx.o
 .text.SystemCoreClockUpdate
                0x00000000       0xf4 Src\system_stm32f4xx.o
 .text          0x00000000       0x14 startup\startup_stm32f407xx.o
 .data          0x00000000        0x0 startup\startup_stm32f407xx.o
 .bss           0x00000000        0x0 startup\startup_stm32f407xx.o
 .text          0x00000000        0x0 c:/program files (x86)/atollic/truestudio for stm32 9.3.0/armtools/bin/../lib/gcc/arm-atollic-eabi/6.3.1/../../../../arm-atollic-eabi/lib/armv7e-m/fpu\libc_nano.a(lib_a-errno.o)
 .data          0x00000000        0x0 c:/program files (x86)/atollic/truestudio for stm32 9.3.0/armtools/bin/../lib/gcc/arm-atollic-eabi/6.3.1/../../../../arm-atollic-eabi/lib/armv7e-m/fpu\libc_nano.a(lib_a-errno.o)
 .bss           0x00000000        0x0 c:/program files (x86)/atollic/truestudio for stm32 9.3.0/armtools/bin/../lib/gcc/arm-atollic-eabi/6.3.1/../../../../arm-atollic-eabi/lib/armv7e-m/fpu\libc_nano.a(lib_a-errno.o)
 .text.__errno  0x00000000        0xc c:/program files (x86)/atollic/truestudio for stm32 9.3.0/armtools/bin/../lib/gcc/arm-atollic-eabi/6.3.1/../../../../arm-atollic-eabi/lib/armv7e-m/fpu\libc_nano.a(lib_a-errno.o)
 .debug_frame   0x00000000       0x20 c:/program files (x86)/atollic/truestudio for stm32 9.3.0/armtools/bin/../lib/gcc/arm-atollic-eabi/6.3.1/../../../../arm-atollic-eabi/lib/armv7e-m/fpu\libc_nano.a(lib_a-errno.o)
 .ARM.attributes
                0x00000000       0x34 c:/program files (x86)/atollic/truestudio for stm32 9.3.0/armtools/bin/../lib/gcc/arm-atollic-eabi/6.3.1/../../../../arm-atollic-eabi/lib/armv7e-m/fpu\libc_nano.a(lib_a-errno.o)
 .text          0x00000000        0x0 c:/program files (x86)/atollic/truestudio for stm32 9.3.0/armtools/bin/../lib/gcc/arm-atollic-eabi/6.3.1/../../../../arm-atollic-eabi/lib/armv7e-m/fpu\libc_nano.a(lib_a-impure.o)
 .data          0x00000000        0x0 c:/program files (x86)/atollic/truestudio for stm32 9.3.0/armtools/bin/../lib/gcc/arm-atollic-eabi/6.3.1/../../../../arm-atollic-eabi/lib/armv7e-m/fpu\libc_nano.a(lib_a-impure.o)
 .bss           0x00000000        0x0 c:/program files (x86)/atollic/truestudio for stm32 9.3.0/armtools/bin/../lib/gcc/arm-atollic-eabi/6.3.1/../../../../arm-atollic-eabi/lib/armv7e-m/fpu\libc_nano.a(lib_a-impure.o)
 .data._impure_ptr
                0x00000000        0x4 c:/program files (x86)/atollic/truestudio for stm32 9.3.0/armtools/bin/../lib/gcc/arm-atollic-eabi/6.3.1/../../../../arm-atollic-eabi/lib/armv7e-m/fpu\libc_nano.a(lib_a-impure.o)
 .data.impure_data
                0x00000000       0x60 c:/program files (x86)/atollic/truestudio for stm32 9.3.0/armtools/bin/../lib/gcc/arm-atollic-eabi/6.3.1/../../../../arm-atollic-eabi/lib/armv7e-m/fpu\libc_nano.a(lib_a-impure.o)
 .rodata._global_impure_ptr
                0x00000000        0x4 c:/program files (x86)/atollic/truestudio for stm32 9.3.0/armtools/bin/../lib/gcc/arm-atollic-eabi/6.3.1/../../../../arm-atollic-eabi/lib/armv7e-m/fpu\libc_nano.a(lib_a-impure.o)
 .ARM.attributes
                0x00000000       0x34 c:/program files (x86)/atollic/truestudio for stm32 9.3.0/armtools/bin/../lib/gcc/arm-atollic-eabi/6.3.1/../../../../arm-atollic-eabi/lib/armv7e-m/fpu\libc_nano.a(lib_a-impure.o)
 .text          0x00000000        0x0 c:/program files (x86)/atollic/truestudio for stm32 9.3.0/armtools/bin/../lib/gcc/arm-atollic-eabi/6.3.1/../../../../arm-atollic-eabi/lib/armv7e-m/fpu\libc_nano.a(lib_a-init.o)
 .data          0x00000000        0x0 c:/program files (x86)/atollic/truestudio for stm32 9.3.0/armtools/bin/../lib/gcc/arm-atollic-eabi/6.3.1/../../../../arm-atollic-eabi/lib/armv7e-m/fpu\libc_nano.a(lib_a-init.o)
 .bss           0x00000000        0x0 c:/program files (x86)/atollic/truestudio for stm32 9.3.0/armtools/bin/../lib/gcc/arm-atollic-eabi/6.3.1/../../../../arm-atollic-eabi/lib/armv7e-m/fpu\libc_nano.a(lib_a-init.o)
 .data          0x00000000        0x0 c:/program files (x86)/atollic/truestudio for stm32 9.3.0/armtools/bin/../lib/gcc/arm-atollic-eabi/6.3.1/armv7e-m/fpu\libgcc.a(_arm_addsubdf3.o)
 .bss           0x00000000        0x0 c:/program files (x86)/atollic/truestudio for stm32 9.3.0/armtools/bin/../lib/gcc/arm-atollic-eabi/6.3.1/armv7e-m/fpu\libgcc.a(_arm_addsubdf3.o)
 .data          0x00000000        0x0 c:/program files (x86)/atollic/truestudio for stm32 9.3.0/armtools/bin/../lib/gcc/arm-atollic-eabi/6.3.1/armv7e-m/fpu\libgcc.a(_arm_muldivdf3.o)
 .bss           0x00000000        0x0 c:/program files (x86)/atollic/truestudio for stm32 9.3.0/armtools/bin/../lib/gcc/arm-atollic-eabi/6.3.1/armv7e-m/fpu\libgcc.a(_arm_muldivdf3.o)
 .data          0x00000000        0x0 c:/program files (x86)/atollic/truestudio for stm32 9.3.0/armtools/bin/../lib/gcc/arm-atollic-eabi/6.3.1/armv7e-m/fpu\libgcc.a(_arm_truncdfsf2.o)
 .bss           0x00000000        0x0 c:/program files (x86)/atollic/truestudio for stm32 9.3.0/armtools/bin/../lib/gcc/arm-atollic-eabi/6.3.1/armv7e-m/fpu\libgcc.a(_arm_truncdfsf2.o)
 .text          0x00000000        0x0 c:/program files (x86)/atollic/truestudio for stm32 9.3.0/armtools/bin/../lib/gcc/arm-atollic-eabi/6.3.1/armv7e-m/fpu/crtend.o
 .data          0x00000000        0x0 c:/program files (x86)/atollic/truestudio for stm32 9.3.0/armtools/bin/../lib/gcc/arm-atollic-eabi/6.3.1/armv7e-m/fpu/crtend.o
 .bss           0x00000000        0x0 c:/program files (x86)/atollic/truestudio for stm32 9.3.0/armtools/bin/../lib/gcc/arm-atollic-eabi/6.3.1/armv7e-m/fpu/crtend.o
 .eh_frame      0x00000000        0x4 c:/program files (x86)/atollic/truestudio for stm32 9.3.0/armtools/bin/../lib/gcc/arm-atollic-eabi/6.3.1/armv7e-m/fpu/crtend.o
 .ARM.attributes
                0x00000000       0x34 c:/program files (x86)/atollic/truestudio for stm32 9.3.0/armtools/bin/../lib/gcc/arm-atollic-eabi/6.3.1/armv7e-m/fpu/crtend.o
 .text          0x00000000        0x0 c:/program files (x86)/atollic/truestudio for stm32 9.3.0/armtools/bin/../lib/gcc/arm-atollic-eabi/6.3.1/armv7e-m/fpu/crtn.o
 .data          0x00000000        0x0 c:/program files (x86)/atollic/truestudio for stm32 9.3.0/armtools/bin/../lib/gcc/arm-atollic-eabi/6.3.1/armv7e-m/fpu/crtn.o
 .bss           0x00000000        0x0 c:/program files (x86)/atollic/truestudio for stm32 9.3.0/armtools/bin/../lib/gcc/arm-atollic-eabi/6.3.1/armv7e-m/fpu/crtn.o

Memory Configuration

Name             Origin             Length             Attributes
RAM              0x20000000         0x00020000         xrw
CCMRAM           0x10000000         0x00010000         xrw
FLASH            0x08000000         0x00100000         xr
*default*        0x00000000         0xffffffff

Linker script and memory map

LOAD c:/program files (x86)/atollic/truestudio for stm32 9.3.0/armtools/bin/../lib/gcc/arm-atollic-eabi/6.3.1/armv7e-m/fpu/crti.o
LOAD c:/program files (x86)/atollic/truestudio for stm32 9.3.0/armtools/bin/../lib/gcc/arm-atollic-eabi/6.3.1/armv7e-m/fpu/crtbegin.o
LOAD Drivers\STM32F4xx_HAL_Driver\Src\stm32f4xx_ll_exti.o
LOAD Drivers\STM32F4xx_HAL_Driver\Src\stm32f4xx_ll_gpio.o
LOAD Drivers\STM32F4xx_HAL_Driver\Src\stm32f4xx_ll_rcc.o
LOAD Drivers\STM32F4xx_HAL_Driver\Src\stm32f4xx_ll_utils.o
LOAD Src\Function.o
LOAD Src\Periph.o
LOAD Src\main.o
LOAD Src\stm32f4xx_it.o
LOAD Src\syscalls.o
LOAD Src\system_stm32f4xx.o
LOAD startup\startup_stm32f407xx.o
                0x00000080                malloc_getpagesize_P = 0x80
START GROUP
LOAD c:/program files (x86)/atollic/truestudio for stm32 9.3.0/armtools/bin/../lib/gcc/arm-atollic-eabi/6.3.1/../../../../arm-atollic-eabi/lib/armv7e-m/fpu\libc_nano.a
LOAD c:/program files (x86)/atollic/truestudio for stm32 9.3.0/armtools/bin/../lib/gcc/arm-atollic-eabi/6.3.1/../../../../arm-atollic-eabi/lib/armv7e-m/fpu\libm.a
END GROUP
START GROUP
LOAD c:/program files (x86)/atollic/truestudio for stm32 9.3.0/armtools/bin/../lib/gcc/arm-atollic-eabi/6.3.1/armv7e-m/fpu\libgcc.a
LOAD c:/program files (x86)/atollic/truestudio for stm32 9.3.0/armtools/bin/../lib/gcc/arm-atollic-eabi/6.3.1/../../../../arm-atollic-eabi/lib/armv7e-m/fpu\libc_nano.a
END GROUP
START GROUP
LOAD c:/program files (x86)/atollic/truestudio for stm32 9.3.0/armtools/bin/../lib/gcc/arm-atollic-eabi/6.3.1/armv7e-m/fpu\libgcc.a
LOAD c:/program files (x86)/atollic/truestudio for stm32 9.3.0/armtools/bin/../lib/gcc/arm-atollic-eabi/6.3.1/../../../../arm-atollic-eabi/lib/armv7e-m/fpu\libc_nano.a
LOAD c:/program files (x86)/atollic/truestudio for stm32 9.3.0/armtools/bin/../lib/gcc/arm-atollic-eabi/6.3.1/../../../../arm-atollic-eabi/lib/armv7e-m/fpu\libnosys.a
END GROUP
START GROUP
LOAD c:/program files (x86)/atollic/truestudio for stm32 9.3.0/armtools/bin/../lib/gcc/arm-atollic-eabi/6.3.1/armv7e-m/fpu\libgcc.a
LOAD c:/program files (x86)/atollic/truestudio for stm32 9.3.0/armtools/bin/../lib/gcc/arm-atollic-eabi/6.3.1/../../../../arm-atollic-eabi/lib/armv7e-m/fpu\libc_nano.a
LOAD c:/program files (x86)/atollic/truestudio for stm32 9.3.0/armtools/bin/../lib/gcc/arm-atollic-eabi/6.3.1/../../../../arm-atollic-eabi/lib/armv7e-m/fpu\libnosys.a
END GROUP
LOAD c:/program files (x86)/atollic/truestudio for stm32 9.3.0/armtools/bin/../lib/gcc/arm-atollic-eabi/6.3.1/armv7e-m/fpu/crtend.o
LOAD c:/program files (x86)/atollic/truestudio for stm32 9.3.0/armtools/bin/../lib/gcc/arm-atollic-eabi/6.3.1/armv7e-m/fpu/crtn.o
                0x20020000                _estack = 0x20020000
                0x00000200                _Min_Heap_Size = 0x200
                0x00000400                _Min_Stack_Size = 0x400

.isr_vector     0x08000000      0x188
                0x08000000                . = ALIGN (0x4)
 *(.isr_vector)
 .isr_vector    0x08000000      0x188 startup\startup_stm32f407xx.o
                0x08000000                g_pfnVectors
                0x08000188                . = ALIGN (0x4)

.text           0x08000188     0x1460
                0x08000188                . = ALIGN (0x4)
 *(.text)
 .text          0x08000188       0x40 c:/program files (x86)/atollic/truestudio for stm32 9.3.0/armtools/bin/../lib/gcc/arm-atollic-eabi/6.3.1/armv7e-m/fpu/crtbegin.o
 .text          0x080001c8      0x370 c:/program files (x86)/atollic/truestudio for stm32 9.3.0/armtools/bin/../lib/gcc/arm-atollic-eabi/6.3.1/armv7e-m/fpu\libgcc.a(_arm_addsubdf3.o)
                0x080001c8                __aeabi_drsub
                0x080001d0                __aeabi_dsub
                0x080001d0                __subdf3
                0x080001d4                __aeabi_dadd
                0x080001d4                __adddf3
                0x0800044c                __floatunsidf
                0x0800044c                __aeabi_ui2d
                0x0800046c                __floatsidf
                0x0800046c                __aeabi_i2d
                0x08000490                __aeabi_f2d
                0x08000490                __extendsfdf2
                0x080004cc                __floatundidf
                0x080004cc                __aeabi_ul2d
                0x080004dc                __floatdidf
                0x080004dc                __aeabi_l2d
 .text          0x08000538      0x424 c:/program files (x86)/atollic/truestudio for stm32 9.3.0/armtools/bin/../lib/gcc/arm-atollic-eabi/6.3.1/armv7e-m/fpu\libgcc.a(_arm_muldivdf3.o)
                0x08000538                __aeabi_dmul
                0x08000538                __muldf3
                0x0800078c                __divdf3
                0x0800078c                __aeabi_ddiv
 .text          0x0800095c       0xa0 c:/program files (x86)/atollic/truestudio for stm32 9.3.0/armtools/bin/../lib/gcc/arm-atollic-eabi/6.3.1/armv7e-m/fpu\libgcc.a(_arm_truncdfsf2.o)
                0x0800095c                __truncdfsf2
                0x0800095c                __aeabi_d2f
 *(.text*)
 .text.LL_InitTick
                0x080009fc       0x34 Drivers\STM32F4xx_HAL_Driver\Src\stm32f4xx_ll_utils.o
 .text.LL_Init1msTick
                0x08000a30       0x1a Drivers\STM32F4xx_HAL_Driver\Src\stm32f4xx_ll_utils.o
                0x08000a30                LL_Init1msTick
 *fill*         0x08000a4a        0x2 
 .text.LL_mDelay
                0x08000a4c       0x48 Drivers\STM32F4xx_HAL_Driver\Src\stm32f4xx_ll_utils.o
                0x08000a4c                LL_mDelay
 .text.LL_SetSystemCoreClock
                0x08000a94       0x20 Drivers\STM32F4xx_HAL_Driver\Src\stm32f4xx_ll_utils.o
                0x08000a94                LL_SetSystemCoreClock
 .text.DatToLIS
                0x08000ab4       0x68 Src\Function.o
                0x08000ab4                DatToLIS
 *fill*         0x08000b1c        0x4 
 .text.Convmg   0x08000b20       0xb0 Src\Function.o
                0x08000b20                Convmg
 .text.__NVIC_EnableIRQ
                0x08000bd0       0x3c Src\Periph.o
 .text.LL_RCC_HSE_Enable
                0x08000c0c       0x20 Src\Periph.o
 .text.LL_RCC_HSE_IsReady
                0x08000c2c       0x28 Src\Periph.o
 .text.LL_RCC_SetSysClkSource
                0x08000c54       0x28 Src\Periph.o
 .text.LL_RCC_GetSysClkSource
                0x08000c7c       0x1c Src\Periph.o
 .text.LL_RCC_SetAHBPrescaler
                0x08000c98       0x28 Src\Periph.o
 .text.LL_RCC_SetAPB1Prescaler
                0x08000cc0       0x28 Src\Periph.o
 .text.LL_RCC_SetAPB2Prescaler
                0x08000ce8       0x28 Src\Periph.o
 .text.LL_RCC_PLL_Enable
                0x08000d10       0x20 Src\Periph.o
 .text.LL_RCC_PLL_IsReady
                0x08000d30       0x28 Src\Periph.o
 .text.LL_RCC_PLL_ConfigDomain_SYS
                0x08000d58       0x4c Src\Periph.o
 .text.LL_AHB1_GRP1_EnableClock
                0x08000da4       0x30 Src\Periph.o
 .text.LL_FLASH_SetLatency
                0x08000dd4       0x28 Src\Periph.o
 .text.LL_FLASH_GetLatency
                0x08000dfc       0x1c Src\Periph.o
 .text.LL_SYSTICK_SetClkSource
                0x08000e18       0x38 Src\Periph.o
 .text.LL_PWR_SetRegulVoltageScaling
                0x08000e50       0x28 Src\Periph.o
 .text.SystemClock_Config
                0x08000e78       0x88 Src\Periph.o
                0x08000e78                SystemClock_Config
 .text.MX_GPIO_Init
                0x08000f00       0x34 Src\Periph.o
                0x08000f00                MX_GPIO_Init
 .text.PWMInit  0x08000f34       0xd4 Src\Periph.o
                0x08000f34                PWMInit
 .text.SpiInit  0x08001008      0x1c4 Src\Periph.o
                0x08001008                SpiInit
 .text.UsartInit
                0x080011cc       0xf0 Src\Periph.o
                0x080011cc                UsartInit
 .text.__NVIC_SetPriorityGrouping
                0x080012bc       0x48 Src\main.o
 .text.LL_APB1_GRP1_EnableClock
                0x08001304       0x30 Src\main.o
 .text.LL_APB2_GRP1_EnableClock
                0x08001334       0x30 Src\main.o
 .text.main     0x08001364      0x118 Src\main.o
                0x08001364                main
 .text.SPI1_IRQHandler
                0x0800147c       0x2c Src\main.o
                0x0800147c                SPI1_IRQHandler
 .text.NMI_Handler
                0x080014a8        0xe Src\stm32f4xx_it.o
                0x080014a8                NMI_Handler
 .text.HardFault_Handler
                0x080014b6        0x6 Src\stm32f4xx_it.o
                0x080014b6                HardFault_Handler
 .text.MemManage_Handler
                0x080014bc        0x6 Src\stm32f4xx_it.o
                0x080014bc                MemManage_Handler
 .text.BusFault_Handler
                0x080014c2        0x6 Src\stm32f4xx_it.o
                0x080014c2                BusFault_Handler
 .text.UsageFault_Handler
                0x080014c8        0x6 Src\stm32f4xx_it.o
                0x080014c8                UsageFault_Handler
 .text.SVC_Handler
                0x080014ce        0xe Src\stm32f4xx_it.o
                0x080014ce                SVC_Handler
 .text.DebugMon_Handler
                0x080014dc        0xe Src\stm32f4xx_it.o
                0x080014dc                DebugMon_Handler
 .text.PendSV_Handler
                0x080014ea        0xe Src\stm32f4xx_it.o
                0x080014ea                PendSV_Handler
 .text.SysTick_Handler
                0x080014f8        0xe Src\stm32f4xx_it.o
                0x080014f8                SysTick_Handler
 *fill*         0x08001506        0x2 
 .text.SystemInit
                0x08001508       0x2c Src\system_stm32f4xx.o
                0x08001508                SystemInit
 .text.Reset_Handler
                0x08001534       0x50 startup\startup_stm32f407xx.o
                0x08001534                Reset_Handler
 .text.Default_Handler
                0x08001584        0x2 startup\startup_stm32f407xx.o
                0x08001584                RTC_Alarm_IRQHandler
                0x08001584                HASH_RNG_IRQHandler
                0x08001584                EXTI2_IRQHandler
                0x08001584                TIM8_CC_IRQHandler
                0x08001584                TIM1_CC_IRQHandler
                0x08001584                DMA2_Stream5_IRQHandler
                0x08001584                DMA1_Stream5_IRQHandler
                0x08001584                PVD_IRQHandler
                0x08001584                SDIO_IRQHandler
                0x08001584                TAMP_STAMP_IRQHandler
                0x08001584                CAN2_RX1_IRQHandler
                0x08001584                EXTI3_IRQHandler
                0x08001584                TIM8_TRG_COM_TIM14_IRQHandler
                0x08001584                TIM1_UP_TIM10_IRQHandler
                0x08001584                TIM8_UP_TIM13_IRQHandler
                0x08001584                I2C3_ER_IRQHandler
                0x08001584                EXTI0_IRQHandler
                0x08001584                I2C2_EV_IRQHandler
                0x08001584                DMA1_Stream2_IRQHandler
                0x08001584                CAN1_RX0_IRQHandler
                0x08001584                FPU_IRQHandler
                0x08001584                OTG_HS_WKUP_IRQHandler
                0x08001584                CAN2_SCE_IRQHandler
                0x08001584                DMA2_Stream2_IRQHandler
                0x08001584                TIM6_DAC_IRQHandler
                0x08001584                TIM1_BRK_TIM9_IRQHandler
                0x08001584                DCMI_IRQHandler
                0x08001584                CAN2_RX0_IRQHandler
                0x08001584                DMA2_Stream3_IRQHandler
                0x08001584                USART6_IRQHandler
                0x08001584                USART3_IRQHandler
                0x08001584                CAN1_RX1_IRQHandler
                0x08001584                UART5_IRQHandler
                0x08001584                DMA2_Stream0_IRQHandler
                0x08001584                TIM4_IRQHandler
                0x08001584                I2C1_EV_IRQHandler
                0x08001584                DMA1_Stream6_IRQHandler
                0x08001584                DMA1_Stream1_IRQHandler
                0x08001584                UART4_IRQHandler
                0x08001584                TIM3_IRQHandler
                0x08001584                RCC_IRQHandler
                0x08001584                TIM8_BRK_TIM12_IRQHandler
                0x08001584                Default_Handler
                0x08001584                EXTI15_10_IRQHandler
                0x08001584                ADC_IRQHandler
                0x08001584                DMA1_Stream7_IRQHandler
                0x08001584                TIM7_IRQHandler
                0x08001584                CAN2_TX_IRQHandler
                0x08001584                TIM5_IRQHandler
                0x08001584                DMA2_Stream7_IRQHandler
                0x08001584                I2C3_EV_IRQHandler
                0x08001584                EXTI9_5_IRQHandler
                0x08001584                RTC_WKUP_IRQHandler
                0x08001584                ETH_WKUP_IRQHandler
                0x08001584                SPI2_IRQHandler
                0x08001584                OTG_HS_EP1_IN_IRQHandler
                0x08001584                DMA1_Stream0_IRQHandler
                0x08001584                CAN1_TX_IRQHandler
                0x08001584                EXTI4_IRQHandler
                0x08001584                FSMC_IRQHandler
                0x08001584                ETH_IRQHandler
                0x08001584                OTG_HS_EP1_OUT_IRQHandler
                0x08001584                WWDG_IRQHandler
                0x08001584                TIM2_IRQHandler
                0x08001584                OTG_FS_WKUP_IRQHandler
                0x08001584                TIM1_TRG_COM_TIM11_IRQHandler
                0x08001584                OTG_HS_IRQHandler
                0x08001584                EXTI1_IRQHandler
                0x08001584                USART2_IRQHandler
                0x08001584                I2C2_ER_IRQHandler
                0x08001584                DMA2_Stream1_IRQHandler
                0x08001584                CAN1_SCE_IRQHandler
                0x08001584                FLASH_IRQHandler
                0x08001584                DMA2_Stream4_IRQHandler
                0x08001584                USART1_IRQHandler
                0x08001584                OTG_FS_IRQHandler
                0x08001584                SPI3_IRQHandler
                0x08001584                DMA1_Stream4_IRQHandler
                0x08001584                I2C1_ER_IRQHandler
                0x08001584                DMA2_Stream6_IRQHandler
                0x08001584                DMA1_Stream3_IRQHandler
 *fill*         0x08001586        0x2 
 .text.__libc_init_array
                0x08001588       0x48 c:/program files (x86)/atollic/truestudio for stm32 9.3.0/armtools/bin/../lib/gcc/arm-atollic-eabi/6.3.1/../../../../arm-atollic-eabi/lib/armv7e-m/fpu\libc_nano.a(lib_a-init.o)
                0x08001588                __libc_init_array
 *(.glue_7)
 .glue_7        0x080015d0        0x0 linker stubs
 *(.glue_7t)
 .glue_7t       0x080015d0        0x0 linker stubs
 *(.eh_frame)
 .eh_frame      0x080015d0        0x0 c:/program files (x86)/atollic/truestudio for stm32 9.3.0/armtools/bin/../lib/gcc/arm-atollic-eabi/6.3.1/armv7e-m/fpu/crtbegin.o
 *(.init)
 .init          0x080015d0        0x4 c:/program files (x86)/atollic/truestudio for stm32 9.3.0/armtools/bin/../lib/gcc/arm-atollic-eabi/6.3.1/armv7e-m/fpu/crti.o
                0x080015d0                _init
 .init          0x080015d4        0x8 c:/program files (x86)/atollic/truestudio for stm32 9.3.0/armtools/bin/../lib/gcc/arm-atollic-eabi/6.3.1/armv7e-m/fpu/crtn.o
 *(.fini)
 .fini          0x080015dc        0x4 c:/program files (x86)/atollic/truestudio for stm32 9.3.0/armtools/bin/../lib/gcc/arm-atollic-eabi/6.3.1/armv7e-m/fpu/crti.o
                0x080015dc                _fini
 .fini          0x080015e0        0x8 c:/program files (x86)/atollic/truestudio for stm32 9.3.0/armtools/bin/../lib/gcc/arm-atollic-eabi/6.3.1/armv7e-m/fpu/crtn.o
                0x080015e8                . = ALIGN (0x4)
                0x080015e8                _etext = .

.vfp11_veneer   0x080015e8        0x0
 .vfp11_veneer  0x080015e8        0x0 linker stubs

.v4_bx          0x080015e8        0x0
 .v4_bx         0x080015e8        0x0 linker stubs

.iplt           0x080015e8        0x0
 .iplt          0x080015e8        0x0 c:/program files (x86)/atollic/truestudio for stm32 9.3.0/armtools/bin/../lib/gcc/arm-atollic-eabi/6.3.1/armv7e-m/fpu/crtbegin.o

.rel.dyn        0x080015e8        0x0
 .rel.iplt      0x080015e8        0x0 c:/program files (x86)/atollic/truestudio for stm32 9.3.0/armtools/bin/../lib/gcc/arm-atollic-eabi/6.3.1/armv7e-m/fpu/crtbegin.o

.rodata         0x080015e8        0x0
                0x080015e8                . = ALIGN (0x4)
 *(.rodata)
 *(.rodata*)
                0x080015e8                . = ALIGN (0x4)

.ARM.extab
 *(.ARM.extab* .gnu.linkonce.armextab.*)

.ARM            0x080015e8        0x0
                0x080015e8                __exidx_start = .
 *(.ARM.exidx*)
                0x080015e8                __exidx_end = .

.preinit_array  0x080015e8        0x0
                0x080015e8                PROVIDE (__preinit_array_start, .)
 *(.preinit_array*)
                0x080015e8                PROVIDE (__preinit_array_end, .)

.init_array     0x080015e8        0x4
                0x080015e8                PROVIDE (__init_array_start, .)
 *(SORT(.init_array.*))
 *(.init_array*)
 .init_array    0x080015e8        0x4 c:/program files (x86)/atollic/truestudio for stm32 9.3.0/armtools/bin/../lib/gcc/arm-atollic-eabi/6.3.1/armv7e-m/fpu/crtbegin.o
                0x080015ec                PROVIDE (__init_array_end, .)

.fini_array     0x080015ec        0x4
                [!provide]                PROVIDE (__fini_array_start, .)
 *(SORT(.fini_array.*))
 *(.fini_array*)
 .fini_array    0x080015ec        0x4 c:/program files (x86)/atollic/truestudio for stm32 9.3.0/armtools/bin/../lib/gcc/arm-atollic-eabi/6.3.1/armv7e-m/fpu/crtbegin.o
                [!provide]                PROVIDE (__fini_array_end, .)
                0x080015f0                _sidata = LOADADDR (.data)

.data           0x20000000        0x4 load address 0x080015f0
                0x20000000                . = ALIGN (0x4)
                0x20000000                _sdata = .
 *(.data)
 *(.data*)
 .data.SystemCoreClock
                0x20000000        0x4 Src\system_stm32f4xx.o
                0x20000000                SystemCoreClock
                0x20000004                . = ALIGN (0x4)
                0x20000004                _edata = .
                0x080015f4                _siccmram = LOADADDR (.ccmram)

.igot.plt       0x20000004        0x0 load address 0x080015f4
 .igot.plt      0x20000004        0x0 c:/program files (x86)/atollic/truestudio for stm32 9.3.0/armtools/bin/../lib/gcc/arm-atollic-eabi/6.3.1/armv7e-m/fpu/crtbegin.o

.ccmram         0x10000000        0x0 load address 0x080015f4
                0x10000000                . = ALIGN (0x4)
                0x10000000                _sccmram = .
 *(.ccmram)
 *(.ccmram*)
                0x10000000                . = ALIGN (0x4)
                0x10000000                _eccmram = .
                0x10000000                . = ALIGN (0x4)

.bss            0x20000004       0x24
                0x20000004                _sbss = .
                0x20000004                __bss_start__ = _sbss
 *(.bss)
 .bss           0x20000004       0x1c c:/program files (x86)/atollic/truestudio for stm32 9.3.0/armtools/bin/../lib/gcc/arm-atollic-eabi/6.3.1/armv7e-m/fpu/crtbegin.o
 *(.bss*)
 .bss.DataSPI   0x20000020        0x1 Src\main.o
 *fill*         0x20000021        0x1 
 .bss.X         0x20000022        0x2 Src\main.o
 .bss.Ans       0x20000024        0x4 Src\main.o
 *(COMMON)
                0x20000028                . = ALIGN (0x4)
                0x20000028                _ebss = .
                0x20000028                __bss_end__ = _ebss

._user_heap_stack
                0x20000028      0x600
                0x20000028                . = ALIGN (0x4)
                0x20000028                PROVIDE (end, .)
                [!provide]                PROVIDE (_end, .)
                0x20000228                . = (. + _Min_Heap_Size)
 *fill*         0x20000028      0x200 
                0x20000628                . = (. + _Min_Stack_Size)
 *fill*         0x20000228      0x400 
                0x20000628                . = ALIGN (0x4)

/DISCARD/
 libc.a(*)
 libm.a(*)
 libgcc.a(*)

.ARM.attributes
                0x00000000       0x30
 *(.ARM.attributes)
 .ARM.attributes
                0x00000000       0x22 c:/program files (x86)/atollic/truestudio for stm32 9.3.0/armtools/bin/../lib/gcc/arm-atollic-eabi/6.3.1/armv7e-m/fpu/crti.o
 .ARM.attributes
                0x00000022       0x34 c:/program files (x86)/atollic/truestudio for stm32 9.3.0/armtools/bin/../lib/gcc/arm-atollic-eabi/6.3.1/armv7e-m/fpu/crtbegin.o
 .ARM.attributes
                0x00000056       0x39 Drivers\STM32F4xx_HAL_Driver\Src\stm32f4xx_ll_utils.o
 .ARM.attributes
                0x0000008f       0x39 Src\Function.o
 .ARM.attributes
                0x000000c8       0x39 Src\Periph.o
 .ARM.attributes
                0x00000101       0x39 Src\main.o
 .ARM.attributes
                0x0000013a       0x39 Src\stm32f4xx_it.o
 .ARM.attributes
                0x00000173       0x39 Src\system_stm32f4xx.o
 .ARM.attributes
                0x000001ac       0x21 startup\startup_stm32f407xx.o
 .ARM.attributes
                0x000001cd       0x34 c:/program files (x86)/atollic/truestudio for stm32 9.3.0/armtools/bin/../lib/gcc/arm-atollic-eabi/6.3.1/../../../../arm-atollic-eabi/lib/armv7e-m/fpu\libc_nano.a(lib_a-init.o)
 .ARM.attributes
                0x00000201       0x22 c:/program files (x86)/atollic/truestudio for stm32 9.3.0/armtools/bin/../lib/gcc/arm-atollic-eabi/6.3.1/armv7e-m/fpu\libgcc.a(_arm_addsubdf3.o)
 .ARM.attributes
                0x00000223       0x22 c:/program files (x86)/atollic/truestudio for stm32 9.3.0/armtools/bin/../lib/gcc/arm-atollic-eabi/6.3.1/armv7e-m/fpu\libgcc.a(_arm_muldivdf3.o)
 .ARM.attributes
                0x00000245       0x22 c:/program files (x86)/atollic/truestudio for stm32 9.3.0/armtools/bin/../lib/gcc/arm-atollic-eabi/6.3.1/armv7e-m/fpu\libgcc.a(_arm_truncdfsf2.o)
 .ARM.attributes
                0x00000267       0x22 c:/program files (x86)/atollic/truestudio for stm32 9.3.0/armtools/bin/../lib/gcc/arm-atollic-eabi/6.3.1/armv7e-m/fpu/crtn.o
OUTPUT(ServoAcselerom.elf elf32-littlearm)

.debug_info     0x00000000     0x28a0
 .debug_info    0x00000000      0x8e7 Drivers\STM32F4xx_HAL_Driver\Src\stm32f4xx_ll_utils.o
 .debug_info    0x000008e7      0x3f0 Src\Function.o
 .debug_info    0x00000cd7      0xc5a Src\Periph.o
 .debug_info    0x00001931      0x7f8 Src\main.o
 .debug_info    0x00002129      0x1c0 Src\stm32f4xx_it.o
 .debug_info    0x000022e9      0x4fe Src\system_stm32f4xx.o
 .debug_info    0x000027e7       0xb9 startup\startup_stm32f407xx.o

.debug_abbrev   0x00000000      0x84c
 .debug_abbrev  0x00000000      0x1fb Drivers\STM32F4xx_HAL_Driver\Src\stm32f4xx_ll_utils.o
 .debug_abbrev  0x000001fb      0x15e Src\Function.o
 .debug_abbrev  0x00000359      0x1e6 Src\Periph.o
 .debug_abbrev  0x0000053f      0x14d Src\main.o
 .debug_abbrev  0x0000068c       0xa0 Src\stm32f4xx_it.o
 .debug_abbrev  0x0000072c      0x10e Src\system_stm32f4xx.o
 .debug_abbrev  0x0000083a       0x12 startup\startup_stm32f407xx.o

.debug_aranges  0x00000000      0x2e8
 .debug_aranges
                0x00000000       0xf8 Drivers\STM32F4xx_HAL_Driver\Src\stm32f4xx_ll_utils.o
 .debug_aranges
                0x000000f8       0x38 Src\Function.o
 .debug_aranges
                0x00000130       0xc0 Src\Periph.o
 .debug_aranges
                0x000001f0       0x48 Src\main.o
 .debug_aranges
                0x00000238       0x60 Src\stm32f4xx_it.o
 .debug_aranges
                0x00000298       0x28 Src\system_stm32f4xx.o
 .debug_aranges
                0x000002c0       0x28 startup\startup_stm32f407xx.o

.debug_ranges   0x00000000      0x280
 .debug_ranges  0x00000000       0xe8 Drivers\STM32F4xx_HAL_Driver\Src\stm32f4xx_ll_utils.o
 .debug_ranges  0x000000e8       0x28 Src\Function.o
 .debug_ranges  0x00000110       0xb0 Src\Periph.o
 .debug_ranges  0x000001c0       0x38 Src\main.o
 .debug_ranges  0x000001f8       0x50 Src\stm32f4xx_it.o
 .debug_ranges  0x00000248       0x18 Src\system_stm32f4xx.o
 .debug_ranges  0x00000260       0x20 startup\startup_stm32f407xx.o

.debug_line     0x00000000     0x12b5
 .debug_line    0x00000000      0x530 Drivers\STM32F4xx_HAL_Driver\Src\stm32f4xx_ll_utils.o
 .debug_line    0x00000530      0x201 Src\Function.o
 .debug_line    0x00000731      0x44e Src\Periph.o
 .debug_line    0x00000b7f      0x27c Src\main.o
 .debug_line    0x00000dfb      0x268 Src\stm32f4xx_it.o
 .debug_line    0x00001063      0x1d3 Src\system_stm32f4xx.o
 .debug_line    0x00001236       0x7f startup\startup_stm32f407xx.o

.debug_str      0x00000000     0x100d
 .debug_str     0x00000000      0x6f4 Drivers\STM32F4xx_HAL_Driver\Src\stm32f4xx_ll_utils.o
                                0x77a (size before relaxing)
 .debug_str     0x000006f4       0xe9 Src\Function.o
                                0x340 (size before relaxing)
 .debug_str     0x000007dd      0x639 Src\Periph.o
                                0xb73 (size before relaxing)
 .debug_str     0x00000e16       0xfb Src\main.o
                                0x515 (size before relaxing)
 .debug_str     0x00000f11       0xa6 Src\stm32f4xx_it.o
                                0x2f1 (size before relaxing)
 .debug_str     0x00000fb7       0x56 Src\system_stm32f4xx.o
                                0x3df (size before relaxing)

.comment        0x00000000       0x7c
 .comment       0x00000000       0x7c Drivers\STM32F4xx_HAL_Driver\Src\stm32f4xx_ll_utils.o
                                 0x7d (size before relaxing)
 .comment       0x0000007c       0x7d Src\Function.o
 .comment       0x0000007c       0x7d Src\Periph.o
 .comment       0x0000007c       0x7d Src\main.o
 .comment       0x0000007c       0x7d Src\stm32f4xx_it.o
 .comment       0x0000007c       0x7d Src\system_stm32f4xx.o

.debug_frame    0x00000000      0xb30
 .debug_frame   0x00000000      0x3f8 Drivers\STM32F4xx_HAL_Driver\Src\stm32f4xx_ll_utils.o
 .debug_frame   0x000003f8       0xac Src\Function.o
 .debug_frame   0x000004a4      0x2f4 Src\Periph.o
 .debug_frame   0x00000798       0xe4 Src\main.o
 .debug_frame   0x0000087c      0x110 Src\stm32f4xx_it.o
 .debug_frame   0x0000098c       0x58 Src\system_stm32f4xx.o
 .debug_frame   0x000009e4       0x2c c:/program files (x86)/atollic/truestudio for stm32 9.3.0/armtools/bin/../lib/gcc/arm-atollic-eabi/6.3.1/../../../../arm-atollic-eabi/lib/armv7e-m/fpu\libc_nano.a(lib_a-init.o)
 .debug_frame   0x00000a10       0xac c:/program files (x86)/atollic/truestudio for stm32 9.3.0/armtools/bin/../lib/gcc/arm-atollic-eabi/6.3.1/armv7e-m/fpu\libgcc.a(_arm_addsubdf3.o)
 .debug_frame   0x00000abc       0x50 c:/program files (x86)/atollic/truestudio for stm32 9.3.0/armtools/bin/../lib/gcc/arm-atollic-eabi/6.3.1/armv7e-m/fpu\libgcc.a(_arm_muldivdf3.o)
 .debug_frame   0x00000b0c       0x24 c:/program files (x86)/atollic/truestudio for stm32 9.3.0/armtools/bin/../lib/gcc/arm-atollic-eabi/6.3.1/armv7e-m/fpu\libgcc.a(_arm_truncdfsf2.o)
